Full DATABASE_URL length: 148
DATABASE_URL: postgresql://neondb_owner:npg_7C4IRrNiTYPl@ep-hidden-darkness-aiwvfp3k-pooler.us-east-1.aws.neon.tech/neondb?sslmode=require&channel_binding=require
node.exe : Connection failed!
At line:1 char:1
+ & 
"C:\nvm4w\nodejs/node.exe" "C
:\nvm4w\nodejs/node_modules/n
pm/bin/np ...
+ ~~~~~~~~~~~~~~~~~~~~~~~~~~~
~~~~~~~~~~~~~~~~~~~~~~~~~~~~~
~~~~~~~~~~~~~
    + CategoryInfo           
   : NotSpecified: (Connect  
  ion failed!:String) [],    
 RemoteException
    + FullyQualifiedErrorId  
   : NativeCommandError
 
Message: password 
authentication failed for 
user 'neondb_owner'
Code: 28P01
Full Error: error: password 
authentication failed for 
user 'neondb_owner'
    at 
Parser.parseErrorMessage (D:\
Social-Sphere\node_modules\pg
-protocol\src\parser.ts:369:6
9)
    at Parser.handlePacket (D
:\Social-Sphere\node_modules\
pg-protocol\src\parser.ts:187
:21)
    at Parser.parse (D:\Socia
l-Sphere\node_modules\pg-prot
ocol\src\parser.ts:102:30)
    at TLSSocket.<anonymous> 
(D:\Social-Sphere\node_module
s\pg-protocol\src\index.ts:7:
48)
    at TLSSocket.emit 
(node:events:507:28)
    at addChunk (node:interna
l/streams/readable:559:12)
    at 
readableAddChunkPushByteMode 
(node:internal/streams/readab
le:510:3)
    at Readable.push (node:in
ternal/streams/readable:390:5
)
    at TLSWrap.onStreamRead (
node:internal/stream_base_com
mons:189:23) {
  length: 75,
  severity: 'ERROR',
  code: '28P01',
  detail: undefined,
  hint: undefined,
  position: undefined,
  internalPosition: 
undefined,
  internalQuery: undefined,
  where: undefined,
  schema: undefined,
  table: undefined,
  column: undefined,
  dataType: undefined,
  constraint: undefined,
  file: undefined,
  line: undefined,
  routine: undefined
}
