client/src/components/CreatePost.tsx(63,31): error TS2345: Argument of type 'string' is not assignable to parameter of type 'never'.
client/src/components/CreatePost.tsx(130,61): error TS2769: No overload matches this call.
  Overload 1 of 4, '(names: readonly never[], defaultValue?: {} | undefined): readonly never[]', gave the following error.
    Argument of type 'string' is not assignable to parameter of type 'readonly never[]'.
  Overload 2 of 4, '(name: never, defaultValue?: undefined): never', gave the following error.
    Argument of type 'string' is not assignable to parameter of type 'never'.
  Overload 3 of 4, '(callback: WatchObserver<{}>, defaultValues?: {} | undefined): Subscription', gave the following error.
    Argument of type 'string' is not assignable to parameter of type 'WatchObserver<{}>'.
server/routes.ts(118,42): error TS2339: Property 'id' does not exist on type 'User'.
server/routes.ts(118,66): error TS2339: Property 'username' does not exist on type 'User'.
server/routes.ts(147,19): error TS2339: Property 'id' does not exist on type 'User'.
server/routes.ts(175,50): error TS2345: Argument of type 'string | string[]' is not assignable to parameter of type 'string'.
  Type 'string[]' is not assignable to type 'string'.
server/routes.ts(179,93): error TS2339: Property 'toLowerCase' does not exist on type 'string | string[]'.
  Property 'toLowerCase' does not exist on type 'string[]'.
server/routes.ts(193,61): error TS2339: Property 'id' does not exist on type 'User'.
server/routes.ts(209,59): error TS2339: Property 'id' does not exist on type 'User'.
server/routes.ts(217,40): error TS2339: Property 'id' does not exist on type 'User'.
server/routes.ts(222,42): error TS2339: Property 'id' does not exist on type 'User'.
server/routes.ts(229,52): error TS2339: Property 'id' does not exist on type 'User'.
server/routes.ts(235,73): error TS2339: Property 'id' does not exist on type 'User'.
server/routes.ts(238,57): error TS2339: Property 'id' does not exist on type 'User'.
server/routes.ts(246,35): error TS2339: Property 'id' does not exist on type 'User'.
server/routes.ts(253,38): error TS2339: Property 'id' does not exist on type 'User'.
server/routes.ts(258,40): error TS2339: Property 'id' does not exist on type 'User'.
server/routes.ts(266,25): error TS2339: Property 'id' does not exist on type 'User'.
server/routes.ts(282,25): error TS2339: Property 'id' does not exist on type 'User'.
server/routes.ts(284,50): error TS2339: Property 'id' does not exist on type 'User'.
server/routes.ts(290,60): error TS2339: Property 'id' does not exist on type 'User'.
server/routes.ts(296,19): error TS2339: Property 'id' does not exist on type 'User'.
server/routes.ts(299,61): error TS2339: Property 'id' does not exist on type 'User'.
server/routes.ts(313,27): error TS2339: Property 'id' does not exist on type 'User'.
server/routes.ts(326,46): error TS2339: Property 'id' does not exist on type 'User'.
server/routes.ts(326,89): error TS2339: Property 'id' does not exist on type 'User'.
server/routes.ts(337,55): error TS2339: Property 'id' does not exist on type 'User'.
server/routes.ts(343,65): error TS2339: Property 'id' does not exist on type 'User'.
server/routes.ts(368,27): error TS2339: Property 'id' does not exist on type 'User'.
server/routes.ts(415,34): error TS2802: Type 'MapIterator<[number, WebSocket]>' can only be iterated through when using the '--downlevelIteration' flag or with a '--target' of 'es2015' or higher.
server/routes.ts(466,7): error TS2353: Object literal may only specify known properties, and 'content' does not exist in type '{} & { userId: number; }'.
server/routes.ts(473,7): error TS2353: Object literal may only specify known properties, and 'content' does not exist in type '{} & { userId: number; }'.
server/storage.ts(125,11): error TS2461: Type 'any[] | QueryResult<never>' is not an array type.
server/storage.ts(217,9): error TS2353: Object literal may only specify known properties, and 'content' does not exist in type '{} & { userId: number; }'.
shared/schema.ts(28,14): error TS7022: 'posts' implicitly has type 'any' because it does not have a type annotation and is referenced directly or indirectly in its own initializer.
shared/schema.ts(34,58): error TS7024: Function implicitly has return type 'any' because it does not have a return type annotation and is referenced directly or indirectly in one of its return expressions.
